// Jest Snapshot v1, https://jestjs.io/docs/snapshot-testing

exports[`generateExpensesReportPdf mantiene el output byte-a-byte (guarda del refactor del kit): huella 1`] = `"8f7210aa261546b539d079180e88906dab11a5f7a850856a716c5cf72e441695"`;

exports[`generateExpensesReportPdf mantiene el output byte-a-byte (guarda del refactor del kit): longitud 1`] = `46273`;
